// Jest Snapshot v1, https://goo.gl/fbAQLP

exports[`should render ItemPage 1`] = `
<div>
  <Connect(withRouter(Header)) />
  <Connect(withRouter(EditForm)) />
</div>
`;
